// Jest Snapshot v1, https://goo.gl/fbAQLP

exports[`HelloWorld.vue should render component and match snapshot 1`] = `<div class="v-card" style="color: red;"></div>`;
